src/lib/folder-utils.ts(2,10): error TS1484: 'FolderNode' is a type and must be imported using a type-only import when 'verbatimModuleSyntax' is enabled.
src/lib/folder-utils.ts(3,28): error TS1484: 'TemplateNode' is a type and must be imported using a type-only import when 'verbatimModuleSyntax' is enabled.
src/lib/folder-utils.ts(25,11): error TS6133: 'nodes' is declared but its value is never read.
src/lib/folder-utils.ts(88,13): error TS6133: 'relevantAssets' is declared but its value is never read.
src/pages/account/documents/folders/page.tsx(2,8): error TS6133: 'React' is declared but its value is never read.
src/pages/account/documents/folders/page.tsx(2,27): error TS6133: 'useMemo' is declared but its value is never read.
src/pages/account/documents/folders/page.tsx(3,30): error TS6133: 'MoreHorizontal' is declared but its value is never read.
src/pages/account/documents/folders/page.tsx(7,29): error TS1484: 'FolderNode' is a type and must be imported using a type-only import when 'verbatimModuleSyntax' is enabled.
src/pages/account/documents/folders/page.tsx(7,81): error TS1484: 'SavePayload' is a type and must be imported using a type-only import when 'verbatimModuleSyntax' is enabled.
src/pages/account/documents/folders/page.tsx(149,19): error TS2322: Type '{ children: Element[]; defaultValue: string; className: string; }' is not assignable to type 'IntrinsicAttributes & { value: string; onValueChange: (v: string) => void; children: ReactNode; className?: string | undefined; }'.
  Property 'defaultValue' does not exist on type 'IntrinsicAttributes & { value: string; onValueChange: (v: string) => void; children: ReactNode; className?: string | undefined; }'.
src/pages/account/documents/folders/page.tsx(200,28): error TS6133: 'id' is declared but its value is never read.
